// 重构日志: 7c5ab343
// 重构日志: 5ac25f36
// 重构日志: 230b237d
// 重构日志: 8806b795
// 重构日志: 26e8ead8
// 重构日志: 1cff36f2
// 同步 ID: 57a92331 @ Thu Jul 30 07:30:26 UTC 2026
// 同步 ID: cb5233be @ Thu Jul 30 12:15:04 UTC 2026
// 同步 ID: 1867575c @ Fri Jul 31 01:41:50 UTC 2026
// 同步 ID: 0ac21eed @ Fri Jul 31 05:38:05 UTC 2026
// 同步 ID: d8533f06 @ Sat Aug  1 10:43:31 UTC 2026
// 同步 ID: bf1a31c5 @ Sat Aug  1 16:51:27 UTC 2026
// 同步 ID: 5c7ec9b7 @ Sun Aug  2 01:59:47 UTC 2026
// 重构日志: 5999ca78
// 同步 ID: 97a61718 @ Sun Aug  2 18:02:44 UTC 2026
// 同步 ID: 33b2ed7a @ Mon Aug  3 06:00:04 UTC 2026
// 同步 ID: b4d67ed0 @ Mon Aug  3 08:53:58 UTC 2026
// 同步 ID: 83074fdd @ Mon Aug  3 12:48:22 UTC 2026
// 重构日志: eacb19f0
// 重构日志: 1236afca
// 重构日志: c7e5715c
// 重构日志: 8be12e6d
// 重构日志: 29bcef91
// 同步 ID: 34b141c7 @ Fri Aug  7 07:48:02 UTC 2026
// 同步 ID: b14f2ed8 @ Fri Aug  7 11:45:27 UTC 2026
// 同步 ID: a7afe1bf @ Fri Aug  7 12:50:45 UTC 2026
// 重构日志: 9a3a48ae
// 重构日志: 8ecee564
// 重构日志: b2936e37
// 同步 ID: d517b090 @ Sat Aug  8 14:25:44 UTC 2026
